Username for 'https://github.com': kishore010602
Password for 'https://kishore010602@github.com': 
To https://github.com/praga-deesh/Fundraise-app.git
 ! [rejected]        kishore -> kishore (non-fast-forward)
error: failed to push some refs to 'https://github.com/praga-deesh/Fundraise-app.git'
hint: Updates were rejected because the tip of your current branch is behind
hint: its remote counterpart. Integrate the remote changes (e.g.
hint: 'git pull ...') before pushing again.
hint: See the 'Note about fast-forwards' in 'git push --help' for details.
kr52@MGC1VH49C39C Fundraise-app % git pull origin main          
From https://github.com/praga-deesh/Fundraise-app
 * branch            main       -> FETCH_HEAD
Already up to date.
kr52@MGC1VH49C39C Fundraise-app % git add .                     
kr52@MGC1VH49C39C Fundraise-app % git commit -m "TestCasesAdded"
On branch kishore
Your branch and 'origin/kishore' have diverged,
and have 14 and 2 different commits each, respectively.
  (use "git pull" to merge the remote branch into yours)

nothing to commit, working tree clean
kr52@MGC1VH49C39C Fundraise-app % git push -u origin kishore    
To https://github.com/praga-deesh/Fundraise-app.git
 ! [rejected]        kishore -> kishore (non-fast-forward)
error: failed to push some refs to 'https://github.com/praga-deesh/Fundraise-app.git'
hint: Updates were rejected because the tip of your current branch is behind
hint: its remote counterpart. Integrate the remote changes (e.g.
hint: 'git pull ...') before pushing again.
hint: See the 'Note about fast-forwards' in 'git push --help' for details.
