]kr52@MGC1VH49C39C Fundraise-app % git branch 
* main
kr52@MGC1VH49C39C Fundraise-app % git checkout kishore
branch 'kishore' set up to track 'origin/kishore'.
Switched to a new branch 'kishore'
kr52@MGC1VH49C39C Fundraise-app % git add .                     
kr52@MGC1VH49C39C Fundraise-app % git commit -m "TestCasesAdded"
On branch kishore
Your branch is up to date with 'origin/kishore'.

nothing to commit, working tree clean
kr52@MGC1VH49C39C Fundraise-app % git pull origin main          
remote: Enumerating objects: 24, done.
remote: Counting objects: 100% (9/9), done.
remote: Compressing objects: 100% (2/2), done.
remote: Total 24 (delta 7), reused 7 (delta 7), pack-reused 15
Unpacking objects: 100% (24/24), 4.28 KiB | 190.00 KiB/s, done.
From https://github.com/praga-deesh/Fundraise-app
 * branch            main       -> FETCH_HEAD
   48b44c0..7685845  main       -> origin/main
hint: You have divergent branches and need to specify how to reconcile them.
hint: You can do so by running one of the following commands sometime before
hint: your next pull:
hint: 
hint:   git config pull.rebase false  # merge
hint:   git config pull.rebase true   # rebase
hint:   git config pull.ff only       # fast-forward only
hint: 
hint: You can replace "git config" with "git config --global" to set a default
hint: preference for all repositories. You can also pass --rebase, --no-rebase,
hint: or --ff-only on the command line to override the configured default per
hint: invocation.
fatal: Need to specify how to reconcile divergent branches.
